// Jest Snapshot v1, https://goo.gl/fbAQLP

exports[`BackButtonComponent match with snapshot 1`] = `
<div
  id="root1"
>
  <button
    class="button-text"
    type="submit"
  >
    <mat-icon>
      keyboard_backspace
    </mat-icon>
  </button>
</div>
`;
